
> admin-dashboard-template@0.1.0 build
> next build

   Γû▓ Next.js 15.5.12
   - Environments: .env

   Creating an optimized production build ...
 Γ£ô Compiled successfully in 6.9s
   Linting and checking validity of types ...
node.exe : 
At C:\nvm4w\nodejs\npm.ps1:29 
char:3
+   & $NODE_EXE $NPM_CLI_JS 
$args
+   
~~~~~~~~~~~~~~~~~~~~~~~~~~~~~
    + CategoryInfo          : 
    NotSpecified: (:String)   
  [], RemoteException
    + FullyQualifiedErrorId : 
    NativeCommandError
 
Failed to compile.

./app/api/analytics/route.ts
189:54  Warning: '_' is 
defined but never used.  @type
script-eslint/no-unused-vars
190:55  Warning: '_' is 
defined but never used.  @type
script-eslint/no-unused-vars

./app/api/auth/me/route.ts
16:20  Error: Unexpected any. 
Specify a different type.  @ty
pescript-eslint/no-explicit-an
y
44:12  Warning: 'error' is 
defined but never used.  @type
script-eslint/no-unused-vars
58:20  Error: Unexpected any. 
Specify a different type.  @ty
pescript-eslint/no-explicit-an
y
84:23  Error: Unexpected any. 
Specify a different type.  @ty
pescript-eslint/no-explicit-an
y
127:11  Warning: 'result' is 
assigned a value but never 
used.  @typescript-eslint/no-u
nused-vars

./app/api/auth/signup/route.ts
50:19  Error: Unexpected any. 
Specify a different type.  @ty
pescript-eslint/no-explicit-an
y

./app/api/auth/verify-otp/rout
e.ts
35:12  Warning: 'error' is 
defined but never used.  @type
script-eslint/no-unused-vars

./app/api/conversations/read/r
oute.ts
13:20  Error: Unexpected any. 
Specify a different type.  @ty
pescript-eslint/no-explicit-an
y
34:14  Error: Unexpected any. 
Specify a different type.  @ty
pescript-eslint/no-explicit-an
y

./app/api/conversations/route.
ts
105:20  Error: Unexpected 
any. Specify a different 
type.  @typescript-eslint/no-e
xplicit-any
152:20  Error: Unexpected 
any. Specify a different 
type.  @typescript-eslint/no-e
xplicit-any
220:20  Error: Unexpected 
any. Specify a different 
type.  @typescript-eslint/no-e
xplicit-any

./app/api/gallery/route.ts
23:20  Error: Unexpected any. 
Specify a different type.  @ty
pescript-eslint/no-explicit-an
y
32:19  Error: Unexpected any. 
Specify a different type.  @ty
pescript-eslint/no-explicit-an
y
47:20  Error: Unexpected any. 
Specify a different type.  @ty
pescript-eslint/no-explicit-an
y
72:16  Error: A `require()` 
style import is forbidden.  @t
ypescript-eslint/no-require-im
ports
92:19  Error: Unexpected any. 
Specify a different type.  @ty
pescript-eslint/no-explicit-an
y

./app/api/gallery/[id]/route.t
s
22:20  Error: Unexpected any. 
Specify a different type.  @ty
pescript-eslint/no-explicit-an
y
48:19  Error: Unexpected any. 
Specify a different type.  @ty
pescript-eslint/no-explicit-an
y

./app/api/messages/route.ts
116:20  Error: Unexpected 
any. Specify a different 
type.  @typescript-eslint/no-e
xplicit-any
193:20  Error: Unexpected 
any. Specify a different 
type.  @typescript-eslint/no-e
xplicit-any
210:11  Error: 'reactions' is 
never reassigned. Use 'const' 
instead.  prefer-const
211:57  Error: Unexpected 
any. Specify a different 
type.  @typescript-eslint/no-e
xplicit-any
254:20  Error: Unexpected 
any. Specify a different 
type.  @typescript-eslint/no-e
xplicit-any

./app/api/requests/route.ts
14:20  Error: Unexpected any. 
Specify a different type.  @ty
pescript-eslint/no-explicit-an
y
59:20  Error: Unexpected any. 
Specify a different type.  @ty
pescript-eslint/no-explicit-an
y
134:60  Error: Unexpected 
any. Specify a different 
type.  @typescript-eslint/no-e
xplicit-any

./app/api/test_io/route.ts
4:33  Error: Unexpected any. 
Specify a different type.  @ty
pescript-eslint/no-explicit-an
y
5:44  Error: Unexpected any. 
Specify a different type.  @ty
pescript-eslint/no-explicit-an
y
7:59  Error: Unexpected any. 
Specify a different type.  @ty
pescript-eslint/no-explicit-an
y

./app/api/todos/route.ts
15:20  Error: Unexpected any. 
Specify a different type.  @ty
pescript-eslint/no-explicit-an
y
24:19  Error: Unexpected any. 
Specify a different type.  @ty
pescript-eslint/no-explicit-an
y
39:20  Error: Unexpected any. 
Specify a different type.  @ty
pescript-eslint/no-explicit-an
y
63:19  Error: Unexpected any. 
Specify a different type.  @ty
pescript-eslint/no-explicit-an
y

./app/api/todos/[id]/route.ts
20:20  Error: Unexpected any. 
Specify a different type.  @ty
pescript-eslint/no-explicit-an
y
31:23  Error: Unexpected any. 
Specify a different type.  @ty
pescript-eslint/no-explicit-an
y
41:19  Error: Unexpected any. 
Specify a different type.  @ty
pescript-eslint/no-explicit-an
y
60:20  Error: Unexpected any. 
Specify a different type.  @ty
pescript-eslint/no-explicit-an
y
71:19  Error: Unexpected any. 
Specify a different type.  @ty
pescript-eslint/no-explicit-an
y

./app/api/trades/isolated-list
/route.ts
19:20  Error: Unexpected any. 
Specify a different type.  @ty
pescript-eslint/no-explicit-an
y

./app/api/trades/route.ts
15:20  Error: Unexpected any. 
Specify a different type.  @ty
pescript-eslint/no-explicit-an
y
24:19  Error: Unexpected any. 
Specify a different type.  @ty
pescript-eslint/no-explicit-an
y
39:20  Error: Unexpected any. 
Specify a different type.  @ty
pescript-eslint/no-explicit-an
y
81:19  Error: Unexpected any. 
Specify a different type.  @ty
pescript-eslint/no-explicit-an
y

./app/api/trades/[id]/route.ts
18:20  Error: Unexpected any. 
Specify a different type.  @ty
pescript-eslint/no-explicit-an
y
28:19  Error: Unexpected any. 
Specify a different type.  @ty
pescript-eslint/no-explicit-an
y
44:20  Error: Unexpected any. 
Specify a different type.  @ty
pescript-eslint/no-explicit-an
y
67:23  Error: Unexpected any. 
Specify a different type.  @ty
pescript-eslint/no-explicit-an
y
84:19  Error: Unexpected any. 
Specify a different type.  @ty
pescript-eslint/no-explicit-an
y
101:20  Error: Unexpected 
any. Specify a different 
type.  @typescript-eslint/no-e
xplicit-any
111:19  Error: Unexpected 
any. Specify a different 
type.  @typescript-eslint/no-e
xplicit-any

./app/api/users/search/route.t
s
22:20  Error: Unexpected any. 
Specify a different type.  @ty
pescript-eslint/no-explicit-an
y
62:19  Error: Unexpected any. 
Specify a different type.  @ty
pescript-eslint/no-explicit-an
y

./app/calendar/page.tsx
92:18  Error: Unexpected any. 
Specify a different type.  @ty
pescript-eslint/no-explicit-an
y
211:63  Error: `'` can be 
escaped with `&apos;`, 
`&lsquo;`, `&#39;`, 
`&rsquo;`.  
react/no-unescaped-entities
211:96  Error: `'` can be 
escaped with `&apos;`, 
`&lsquo;`, `&#39;`, 
`&rsquo;`.  
react/no-unescaped-entities
234:30  Error: Unexpected 
any. Specify a different 
type.  @typescript-eslint/no-e
xplicit-any
276:11  Warning: 'monthStart' 
is assigned a value but never 
used.  @typescript-eslint/no-u
nused-vars
277:11  Warning: 'monthEnd' 
is assigned a value but never 
used.  @typescript-eslint/no-u
nused-vars
355:21  Error: `"` can be 
escaped with `&quot;`, 
`&ldquo;`, `&#34;`, 
`&rdquo;`.  
react/no-unescaped-entities
355:33  Error: `"` can be 
escaped with `&quot;`, 
`&ldquo;`, `&#34;`, 
`&rdquo;`.  
react/no-unescaped-entities
411:56  Warning: 'i' is 
defined but never used.  @type
script-eslint/no-unused-vars

./app/gallery/page.tsx
64:23  Error: Unexpected any. 
Specify a different type.  @ty
pescript-eslint/no-explicit-an
y
84:14  Warning: 'error' is 
defined but never used.  @type
script-eslint/no-unused-vars
84:21  Error: Unexpected any. 
Specify a different type.  @ty
pescript-eslint/no-explicit-an
y

./app/messages/page.tsx
12:20  Error: Unexpected any. 
Specify a different type.  @ty
pescript-eslint/no-explicit-an
y
22:54  Error: Unexpected any. 
Specify a different type.  @ty
pescript-eslint/no-explicit-an
y
23:44  Error: Unexpected any. 
Specify a different type.  @ty
pescript-eslint/no-explicit-an
y
24:68  Error: Unexpected any. 
Specify a different type.  @ty
pescript-eslint/no-explicit-an
y
26:50  Error: Unexpected any. 
Specify a different type.  @ty
pescript-eslint/no-explicit-an
y
29:33  Error: Unexpected any. 
Specify a different type.  @ty
pescript-eslint/no-explicit-an
y
30:34  Error: Unexpected any. 
Specify a different type.  @ty
pescript-eslint/no-explicit-an
y
32:26  Error: Unexpected any. 
Specify a different type.  @ty
pescript-eslint/no-explicit-an
y
72:55  Error: Unexpected any. 
Specify a different type.  @ty
pescript-eslint/no-explicit-an
y
87:6  Warning: React Hook 
useEffect has missing 
dependencies: 
'fetchConversations', 
'fetchCurrentUser', and 
'fetchRequests'. Either 
include them or remove the 
dependency array.  
react-hooks/exhaustive-deps
112:45  Error: Unexpected 
any. Specify a different 
type.  @typescript-eslint/no-e
xplicit-any
142:40  Error: Unexpected 
any. Specify a different 
type.  @typescript-eslint/no-e
xplicit-any
147:54  Error: Unexpected 
any. Specify a different 
type.  @typescript-eslint/no-e
xplicit-any
153:47  Error: Unexpected 
any. Specify a different 
type.  @typescript-eslint/no-e
xplicit-any
167:36  Error: Unexpected 
any. Specify a different 
type.  @typescript-eslint/no-e
xplicit-any
173:44  Error: Unexpected 
any. Specify a different 
type.  @typescript-eslint/no-e
xplicit-any
180:42  Error: Unexpected 
any. Specify a different 
type.  @typescript-eslint/no-e
xplicit-any
188:36  Warning: 'data' is 
defined but never used.  @type
script-eslint/no-unused-vars
188:42  Error: Unexpected 
any. Specify a different 
type.  @typescript-eslint/no-e
xplicit-any
193:28  Warning: 'data' is 
defined but never used.  @type
script-eslint/no-unused-vars
193:34  Error: Unexpected 
any. Specify a different 
type.  @typescript-eslint/no-e
xplicit-any
197:51  Error: Unexpected 
any. Specify a different 
type.  @typescript-eslint/no-e
xplicit-any
203:51  Error: Unexpected 
any. Specify a different 
type.  @typescript-eslint/no-e
xplicit-any
210:35  Error: Unexpected 
any. Specify a different 
type.  @typescript-eslint/no-e
xplicit-any
229:40  Error: Unexpected 
any. Specify a different 
type.  @typescript-eslint/no-e
xplicit-any
259:6  Warning: React Hook 
useEffect has missing 
dependencies: 
'fetchConversations' and 
'fetchRequests'. Either 
include them or remove the 
dependency array.  
react-hooks/exhaustive-deps

./app/page.tsx
263:109  Error: Unexpected 
any. Specify a different 
type.  @typescript-eslint/no-e
xplicit-any

./app/reports/page.tsx
34:31  Error: Unexpected any. 
Specify a different type.  @ty
pescript-eslint/no-explicit-an
y
47:42  Error: Unexpected any. 
Specify a different type.  @ty
pescript-eslint/no-explicit-an
y
59:22  Error: Unexpected any. 
Specify a different type.  @ty
pescript-eslint/no-explicit-an
y

./app/settings/page.tsx
54:6  Warning: React Hook 
useEffect has missing 
dependencies: 'bio', 
'coverImage', 
'initialCapital', 'name', 
'profileImage', and 
'username'. Either include 
them or remove the dependency 
array.  
react-hooks/exhaustive-deps
79:19  Error: Unexpected any. 
Specify a different type.  @ty
pescript-eslint/no-explicit-an
y
105:19  Error: Unexpected 
any. Specify a different 
type.  @typescript-eslint/no-e
xplicit-any

./app/user-management/UserTabl
e.tsx
17:43  Warning: 'error' is 
assigned a value but never 
used.  @typescript-eslint/no-u
nused-vars
58:29  Error: Unexpected any. 
Specify a different type.  @ty
pescript-eslint/no-explicit-an
y

./components/forms/DailyRecord
Form.tsx
42:17  Error: Unexpected any. 
Specify a different type.  @ty
pescript-eslint/no-explicit-an
y
43:20  Error: Unexpected any. 
Specify a different type.  @ty
pescript-eslint/no-explicit-an
y
69:35  Error: Unexpected any. 
Specify a different type.  @ty
pescript-eslint/no-explicit-an
y

./components/gallery/GalleryFi
lter.tsx
40:53  Error: Unexpected any. 
Specify a different type.  @ty
pescript-eslint/no-explicit-an
y

./components/gallery/GalleryIt
em.tsx
24:11  Warning: Using `<img>` 
could result in slower LCP 
and higher bandwidth. 
Consider using `<Image />` 
from `next/image` or a custom 
image loader to automatically 
optimize images. This may 
incur additional usage or 
cost from your provider. See: 
https://nextjs.org/docs/messag
es/no-img-element  
@next/next/no-img-element

./components/gallery/GalleryLi
ghtbox.tsx
27:13  Warning: Using `<img>` 
could result in slower LCP 
and higher bandwidth. 
Consider using `<Image />` 
from `next/image` or a custom 
image loader to automatically 
optimize images. This may 
incur additional usage or 
cost from your provider. See: 
https://nextjs.org/docs/messag
es/no-img-element  
@next/next/no-img-element

./components/layout/Sidebar.ts
x
59:68  Error: Unexpected any. 
Specify a different type.  @ty
pescript-eslint/no-explicit-an
y
61:14  Warning: 'err' is 
defined but never used.  @type
script-eslint/no-unused-vars
70:38  Error: Unexpected any. 
Specify a different type.  @ty
pescript-eslint/no-explicit-an
y
75:56  Error: Unexpected any. 
Specify a different type.  @ty
pescript-eslint/no-explicit-an
y
78:49  Error: Unexpected any. 
Specify a different type.  @ty
pescript-eslint/no-explicit-an
y
82:18  Warning: 'e' is 
defined but never used.  @type
script-eslint/no-unused-vars
180:13  Error: `"` can be 
escaped with `&quot;`, 
`&ldquo;`, `&#34;`, 
`&rdquo;`.  
react/no-unescaped-entities
180:84  Error: `"` can be 
escaped with `&quot;`, 
`&ldquo;`, `&#34;`, 
`&rdquo;`.  
react/no-unescaped-entities

./components/layout/TradingCal
endar.tsx
39:18  Error: Unexpected any. 
Specify a different type.  @ty
pescript-eslint/no-explicit-an
y
157:23  Error: `"` can be 
escaped with `&quot;`, 
`&ldquo;`, `&#34;`, 
`&rdquo;`.  
react/no-unescaped-entities
157:30  Error: `"` can be 
escaped with `&quot;`, 
`&ldquo;`, `&#34;`, 
`&rdquo;`.  
react/no-unescaped-entities
181:30  Error: Unexpected 
any. Specify a different 
type.  @typescript-eslint/no-e
xplicit-any
211:47  Error: Unexpected 
any. Specify a different 
type.  @typescript-eslint/no-e
xplicit-any

./components/messages/CallOver
lay.tsx
20:9  Error: Unexpected any. 
Specify a different type.  @ty
pescript-eslint/no-explicit-an
y
31:19  Error: Unexpected any. 
Specify a different type.  @ty
pescript-eslint/no-explicit-an
y

./components/messages/ChatSide
bar.tsx
33:18  Error: Unexpected any. 
Specify a different type.  @ty
pescript-eslint/no-explicit-an
y
34:13  Error: Unexpected any. 
Specify a different type.  @ty
pescript-eslint/no-explicit-an
y
35:20  Error: Unexpected any. 
Specify a different type.  @ty
pescript-eslint/no-explicit-an
y
38:16  Error: Unexpected any. 
Specify a different type.  @ty
pescript-eslint/no-explicit-an
y
60:73  Error: Unexpected any. 
Specify a different type.  @ty
pescript-eslint/no-explicit-an
y
65:14  Warning: 'err' is 
defined but never used.  @type
script-eslint/no-unused-vars
70:49  Error: Unexpected any. 
Specify a different type.  @ty
pescript-eslint/no-explicit-an
y
84:14  Warning: 'err' is 
defined but never used.  @type
script-eslint/no-unused-vars
98:59  Error: Unexpected any. 
Specify a different type.  @ty
pescript-eslint/no-explicit-an
y
211:46  Error: Unexpected 
any. Specify a different 
type.  @typescript-eslint/no-e
xplicit-any
218:17  Error: Missing "key" 
prop for element in iterator  
react/jsx-key
337:20  Warning: 'user' is 
defined but never used.  @type
script-eslint/no-unused-vars

./components/messages/ChatWind
ow.tsx
42:17  Error: Unexpected any. 
Specify a different type.  @ty
pescript-eslint/no-explicit-an
y
43:16  Error: Unexpected any. 
Specify a different type.  @ty
pescript-eslint/no-explicit-an
y
44:25  Error: Unexpected any. 
Specify a different type.  @ty
pescript-eslint/no-explicit-an
y
49:20  Error: Unexpected any. 
Specify a different type.  @ty
pescript-eslint/no-explicit-an
y
60:44  Error: Unexpected any. 
Specify a different type.  @ty
pescript-eslint/no-explicit-an
y
62:48  Error: Unexpected any. 
Specify a different type.  @ty
pescript-eslint/no-explicit-an
y
63:48  Error: Unexpected any. 
Specify a different type.  @ty
pescript-eslint/no-explicit-an
y
64:56  Error: Unexpected any. 
Specify a different type.  @ty
pescript-eslint/no-explicit-an
y
72:42  Error: Unexpected any. 
Specify a different type.  @ty
pescript-eslint/no-explicit-an
y
80:6  Warning: React Hook 
useEffect has a missing 
dependency: 'fetchMessages'. 
Either include it or remove 
the dependency array.  
react-hooks/exhaustive-deps
97:40  Error: Unexpected any. 
Specify a different type.  @ty
pescript-eslint/no-explicit-an
y
103:33  Error: Unexpected 
any. Specify a different 
type.  @typescript-eslint/no-e
xplicit-any
109:37  Error: Unexpected 
any. Specify a different 
type.  @typescript-eslint/no-e
xplicit-any
115:46  Error: Unexpected 
any. Specify a different 
type.  @typescript-eslint/no-e
xplicit-any
119:37  Error: Unexpected 
any. Specify a different 
type.  @typescript-eslint/no-e
xplicit-any
123:47  Error: Unexpected 
any. Specify a different 
type.  @typescript-eslint/no-e
xplicit-any
134:34  Error: Unexpected 
any. Specify a different 
type.  @typescript-eslint/no-e
xplicit-any
164:6  Warning: React Hook 
useEffect has a missing 
dependency: 
'currentUser?.id'. Either 
include it or remove the 
dependency array. If 
'setMessages' needs the 
current value of 
'currentUser.id', you can 
also switch to useReducer 
instead of useState and read 
'currentUser.id' in the 
reducer.  
react-hooks/exhaustive-deps
264:59  Error: Unexpected 
any. Specify a different 
type.  @typescript-eslint/no-e
xplicit-any
319:19  Error: Unexpected 
any. Specify a different 
type.  @typescript-eslint/no-e
xplicit-any
344:59  Error: Unexpected 
any. Specify a different 
type.  @typescript-eslint/no-e
xplicit-any

./components/messages/GroupMod
al.tsx
22:16  Error: Unexpected any. 
Specify a different type.  @ty
pescript-eslint/no-explicit-an
y
29:54  Error: Unexpected any. 
Specify a different type.  @ty
pescript-eslint/no-explicit-an
y
32:54  Error: Unexpected any. 
Specify a different type.  @ty
pescript-eslint/no-explicit-an
y
34:29  Error: Unexpected any. 
Specify a different type.  @ty
pescript-eslint/no-explicit-an
y
198:25  Error: Unexpected 
any. Specify a different 
type.  @typescript-eslint/no-e
xplicit-any

./components/messages/GroupSet
tingsModal.tsx
24:17  Error: Unexpected any. 
Specify a different type.  @ty
pescript-eslint/no-explicit-an
y
81:13  Warning: 'res' is 
assigned a value but never 
used.  @typescript-eslint/no-u
nused-vars
96:59  Error: Unexpected any. 
Specify a different type.  @ty
pescript-eslint/no-explicit-an
y
103:19  Error: Unexpected 
any. Specify a different 
type.  @typescript-eslint/no-e
xplicit-any

./components/messages/MessageI
nput.tsx
26:16  Error: Unexpected any. 
Specify a different type.  @ty
pescript-eslint/no-explicit-an
y
27:16  Error: Unexpected any. 
Specify a different type.  @ty
pescript-eslint/no-explicit-an
y
29:20  Error: Unexpected any. 
Specify a different type.  @ty
pescript-eslint/no-explicit-an
y
46:35  Error: Unexpected any. 
Specify a different type.  @ty
pescript-eslint/no-explicit-an
y
169:13  Warning: Using 
`<img>` could result in 
slower LCP and higher 
bandwidth. Consider using 
`<Image />` from `next/image` 
or a custom image loader to 
automatically optimize 
images. This may incur 
additional usage or cost from 
your provider. See: https://ne
xtjs.org/docs/messages/no-img-
element  
@next/next/no-img-element
215:43  Error: Unexpected 
any. Specify a different 
type.  @typescript-eslint/no-e
xplicit-any
216:35  Error: Unexpected 
any. Specify a different 
type.  @typescript-eslint/no-e
xplicit-any
241:25  Error: Unexpected 
any. Specify a different 
type.  @typescript-eslint/no-e
xplicit-any

./components/messages/MessageI
tem.tsx
41:12  Error: Unexpected any. 
Specify a different type.  @ty
pescript-eslint/no-explicit-an
y
176:17  Warning: Using 
`<img>` could result in 
slower LCP and higher 
bandwidth. Consider using 
`<Image />` from `next/image` 
or a custom image loader to 
automatically optimize 
images. This may incur 
additional usage or cost from 
your provider. See: https://ne
xtjs.org/docs/messages/no-img-
element  
@next/next/no-img-element
237:44  Error: Unexpected 
any. Specify a different 
type.  @typescript-eslint/no-e
xplicit-any
273:41  Error: Unexpected 
any. Specify a different 
type.  @typescript-eslint/no-e
xplicit-any
291:15  Warning: Using 
`<img>` could result in 
slower LCP and higher 
bandwidth. Consider using 
`<Image />` from `next/image` 
or a custom image loader to 
automatically optimize 
images. This may incur 
additional usage or cost from 
your provider. See: https://ne
xtjs.org/docs/messages/no-img-
element  
@next/next/no-img-element
389:41  Error: Unexpected 
any. Specify a different 
type.  @typescript-eslint/no-e
xplicit-any
393:33  Error: Unexpected 
any. Specify a different 
type.  @typescript-eslint/no-e
xplicit-any

./components/messages/PendingR
equests.tsx
13:13  Error: Unexpected any. 
Specify a different type.  @ty
pescript-eslint/no-explicit-an
y
15:16  Error: Unexpected any. 
Specify a different type.  @ty
pescript-eslint/no-explicit-an
y
20:19  Warning: 'setLoading' 
is assigned a value but never 
used.  @typescript-eslint/no-u
nused-vars
22:40  Error: Unexpected any. 
Specify a different type.  @ty
pescript-eslint/no-explicit-an
y
41:14  Warning: 'err' is 
defined but never used.  @type
script-eslint/no-unused-vars

./components/messages/SearchUs
ers.tsx
21:20  Error: Unexpected any. 
Specify a different type.  @ty
pescript-eslint/no-explicit-an
y
22:16  Error: Unexpected any. 
Specify a different type.  @ty
pescript-eslint/no-explicit-an
y
25:56  Warning: 'onSelect' is 
defined but never used.  @type
script-eslint/no-unused-vars
28:42  Error: Unexpected any. 
Specify a different type.  @ty
pescript-eslint/no-explicit-an
y
42:6  Warning: React Hook 
useEffect has a missing 
dependency: 'searchUsers'. 
Either include it or remove 
the dependency array.  
react-hooks/exhaustive-deps
49:19  Error: Unexpected any. 
Specify a different type.  @ty
pescript-eslint/no-explicit-an
y
56:42  Error: Unexpected any. 
Specify a different type.  @ty
pescript-eslint/no-explicit-an
y
73:19  Error: Unexpected any. 
Specify a different type.  @ty
pescript-eslint/no-explicit-an
y

./components/settings/Security
Section.tsx
65:51  Error: `'` can be 
escaped with `&apos;`, 
`&lsquo;`, `&#39;`, 
`&rsquo;`.  
react/no-unescaped-entities

./components/settings/Settings
ActionBar.tsx
23:3  Warning: 'name' is 
defined but never used.  @type
script-eslint/no-unused-vars
24:3  Warning: 'username' is 
defined but never used.  @type
script-eslint/no-unused-vars

./components/settings/Settings
Header.tsx
30:11  Warning: Using `<img>` 
could result in slower LCP 
and higher bandwidth. 
Consider using `<Image />` 
from `next/image` or a custom 
image loader to automatically 
optimize images. This may 
incur additional usage or 
cost from your provider. See: 
https://nextjs.org/docs/messag
es/no-img-element  
@next/next/no-img-element
60:15  Warning: Using `<img>` 
could result in slower LCP 
and higher bandwidth. 
Consider using `<Image />` 
from `next/image` or a custom 
image loader to automatically 
optimize images. This may 
incur additional usage or 
cost from your provider. See: 
https://nextjs.org/docs/messag
es/no-img-element  
@next/next/no-img-element

./components/todos/TodoCelebra
tion.tsx
137:13  Error: `"` can be 
escaped with `&quot;`, 
`&ldquo;`, `&#34;`, 
`&rdquo;`.  
react/no-unescaped-entities
137:108  Error: `"` can be 
escaped with `&quot;`, 
`&ldquo;`, `&#34;`, 
`&rdquo;`.  
react/no-unescaped-entities

./components/todos/TodoStats.t
sx
12:98  Error: `'` can be 
escaped with `&apos;`, 
`&lsquo;`, `&#39;`, 
`&rsquo;`.  
react/no-unescaped-entities
14:11  Error: `"` can be 
escaped with `&quot;`, 
`&ldquo;`, `&#34;`, 
`&rdquo;`.  
react/no-unescaped-entities
14:125  Error: `"` can be 
escaped with `&quot;`, 
`&ldquo;`, `&#34;`, 
`&rdquo;`.  
react/no-unescaped-entities

./components/trades/Trades.tsx
64:54  Warning: 'refetch' is 
assigned a value but never 
used.  @typescript-eslint/no-u
nused-vars
70:54  Error: Unexpected any. 
Specify a different type.  @ty
pescript-eslint/no-explicit-an
y
71:48  Error: Unexpected any. 
Specify a different type.  @ty
pescript-eslint/no-explicit-an
y
92:31  Error: Unexpected any. 
Specify a different type.  @ty
pescript-eslint/no-explicit-an
y
134:14  Warning: 'error' is 
defined but never used.  @type
script-eslint/no-unused-vars
139:45  Error: Unexpected 
any. Specify a different 
type.  @typescript-eslint/no-e
xplicit-any
148:21  Error: Unexpected 
any. Specify a different 
type.  @typescript-eslint/no-e
xplicit-any
229:51  Error: Unexpected 
any. Specify a different 
type.  @typescript-eslint/no-e
xplicit-any
264:136  Error: `"` can be 
escaped with `&quot;`, 
`&ldquo;`, `&#34;`, 
`&rdquo;`.  
react/no-unescaped-entities
264:177  Error: `"` can be 
escaped with `&quot;`, 
`&ldquo;`, `&#34;`, 
`&rdquo;`.  
react/no-unescaped-entities

./components/ui/textarea.tsx
5:18  Error: An interface 
declaring no members is 
equivalent to its supertype.  
@typescript-eslint/no-empty-ob
ject-type

./lib/auth-utils.ts
28:12  Warning: 'error' is 
defined but never used.  @type
script-eslint/no-unused-vars

./lib/db.ts
5:25  Error: Unexpected any. 
Specify a different type.  @ty
pescript-eslint/no-explicit-an
y
8:23  Error: Unexpected any. 
Specify a different type.  @ty
pescript-eslint/no-explicit-an
y

./lib/mongodb-client.ts
10:43  Error: Unexpected any. 
Specify a different type.  @ty
pescript-eslint/no-explicit-an
y
13:21  Error: Unexpected any. 
Specify a different type.  @ty
pescript-eslint/no-explicit-an
y
15:18  Error: Unexpected any. 
Specify a different type.  @ty
pescript-eslint/no-explicit-an
y
17:32  Error: Unexpected any. 
Specify a different type.  @ty
pescript-eslint/no-explicit-an
y

info  - Need to disable some 
ESLint rules? Learn more 
here: https://nextjs.org/docs/
app/api-reference/config/eslin
t#disabling-rules
